// Jest Snapshot v1, https://goo.gl/fbAQLP

exports[`generateReducers should have a reducer 1`] = `
Object {
  "exampleModel": [Function],
}
`;
