// Jest Snapshot v1, https://goo.gl/fbAQLP

exports[`generateSagas should have sagas 1`] = `[Function]`;
